<html>
<body>
<pre>
<h1>µVision Build Log</h1>
<h2>Tool Versions:</h2>
IDE-Version: µVision V5.23.0.0
Copyright (C) 2017 ARM Ltd and ARM Germany GmbH. All rights reserved.
License Information: Admin LAB306-1, National Research Nuclear University MEPhI, LIC=----
 
Tool Versions:
Toolchain:       MDK-Lite  Version: 5.23
Toolchain Path:  C:\Keil_v5\ARM\ARMCC\Bin
C Compiler:      Armcc.exe V5.06 update 4 (build 422)
Assembler:       Armasm.exe V5.06 update 4 (build 422)
Linker/Locator:  ArmLink.exe V5.06 update 4 (build 422)
Library Manager: ArmAr.exe V5.06 update 4 (build 422)
Hex Converter:   FromElf.exe V5.06 update 4 (build 422)
CPU DLL:         SARMCM3.DLL V5.23
Dialog DLL:      DCM.DLL V1.15.0.0
Target DLL:      UL2CM3.DLL V1.159.7.0
Dialog DLL:      TCM.DLL V1.27.0.0
 
<h2>Project:</h2>
C:\Users\Student\Documents\c15601\ñïóòíèê ìèëàíäð\sputnik\ram_test.uvprojx
Project File Date:  11/27/2018

<h2>Output:</h2>
*** Using Compiler 'V5.06 update 4 (build 422)', folder: 'C:\Keil_v5\ARM\ARMCC\Bin'
Build target 'Target 1'
compiling mdr1645ru6u.c...
ram_macros.h(181): warning:  #1-D: last line of file ends without a newline
  #define R8D15 ((uint32_t) 1<<29)
mdr1645ru6u.h(18): warning:  #1-D: last line of file ends without a newline
  uint32_t* compare_data(uint16_t pattern[8],uint16_t ram_data[8],uint32_t cell_addr);
mdr1645ru6u.c: 2 warnings, 0 errors
linking...
Program Size: Code=2060 RO-data=584 RW-data=0 ZI-data=18560  
".\Objects\ram_test.axf" - 0 Error(s), 2 Warning(s).

<h2>Software Packages used:</h2>

Package Vendor: ARM
                http://www.keil.com/pack/ARM.CMSIS.5.4.0.pack
                ARM::CMSIS:CORE:5.1.2
                CMSIS (Cortex Microcontroller Software Interface Standard)
   * Component: CORE Version: 5.1.2

Package Vendor: Keil
                http://www.keil.com/pack/Keil.MDR32F8.0.1.pack
                Keil::Device:Startup:0.0.1
                Milandr MDR32F8 Series Device Support, Drivers and Examples
   * Component: Startup Version: 0.0.1
   * Component: PORT Version: 0.0.1
   * Component: CLKCTRL Version: 0.0.1
   * Component: TIM Version: 0.0.1
   * Component: EBC Version: 0.0.1
   * Component: LIB Version: 0.0.1

<h2>Collection of Component include folders:</h2>
  .\RTE\_Target_1
  C:\Keil_v5\ARM\PACK\ARM\CMSIS\5.4.0\CMSIS\Core\Include
  C:\Keil_v5\ARM\PACK\Keil\MDR32F8\0.1\Libraries\CMSIS\CM4\DeviceSupport\MDR32F8\inc
  C:\Keil_v5\ARM\PACK\Keil\MDR32F8\0.1\Libraries\MDR32F8_StdPeriph_Driver\inc

<h2>Collection of Component Files used:</h2>

   * Component: ARM::CMSIS:CORE:5.1.2

   * Component: Keil::Device:Startup:0.0.1
      Source file:   Libraries\CMSIS\CM4\DeviceSupport\MDR32F8\startup\arm\startup_1986ve8t.s

   * Component: Keil::Drivers:PORT:0.0.1
      Include file:  Libraries\MDR32F8_StdPeriph_Driver\inc\mdr32f8_port.h
      Source file:   Libraries\MDR32F8_StdPeriph_Driver\src\mdr32f8_port.c

   * Component: Keil::Drivers:CLKCTRL:0.0.1
      Include file:  Libraries\MDR32F8_StdPeriph_Driver\inc\mdr32f8_clkctrl.h
      Source file:   Libraries\MDR32F8_StdPeriph_Driver\src\mdr32f8_clkctrl.c

   * Component: Keil::Drivers:TIM:0.0.1
      Include file:  Libraries\MDR32F8_StdPeriph_Driver\inc\mdr32f8_tim.h
      Source file:   Libraries\MDR32F8_StdPeriph_Driver\src\mdr32f8_tim.c

   * Component: Keil::Drivers:EBC:0.0.1
      Include file:  Libraries\MDR32F8_StdPeriph_Driver\inc\mdr32f8_ebc.h
      Source file:   Libraries\MDR32F8_StdPeriph_Driver\src\mdr32f8_ebc.c

   * Component: Keil::Drivers:LIB:0.0.1
      Include file:  Libraries\MDR32F8_StdPeriph_Driver\inc\mdr32f8_lib.h
Build Time Elapsed:  00:00:01
</pre>
</body>
</html>
